<?xml version="1.0" encoding="UTF-8"?>
<TestRun id="2031ee0b-fd14-48bb-b114-29402a0b633a" name="csabee@CSABEE-PC 2012-04-17 16:26:51" runUser="csabee-PC\csabee" xmlns="http://microsoft.com/schemas/VisualStudio/TeamTest/2010">
  <TestSettings name="Local" id="a735ae1b-cd0b-4343-a311-8612d00281aa">
    <Description>These are default test settings for a local test run.</Description>
    <Deployment enabled="false" runDeploymentRoot="csabee_CSABEE-PC 2012-04-17 16_26_51">
      <DeploymentItem filename="d:\_WORK_\_Oktatas_\BME\FactoryDemo\packages\EntityFramework.4.1.10331.0\lib\EntityFramework.dll" />
      <DeploymentItem filename="d:\_WORK_\_Oktatas_\BME\FactoryDemo\packages\CommonServiceLocator.1.0\lib\NET35\Microsoft.Practices.ServiceLocation.dll" />
      <DeploymentItem filename="d:\_WORK_\_Oktatas_\BME\FactoryDemo\DataAccess\bin\Debug\DataAccess.dll" />
      <DeploymentItem filename="d:\_WORK_\_Oktatas_\BME\FactoryDemo\FactoryDemo\bin\FactoryDemo.dll" />
      <DeploymentItem filename="d:\_WORK_\_Oktatas_\BME\FactoryDemo\packages\Unity.2.1.505.0\lib\NET35\Microsoft.Practices.Unity.Configuration.dll" />
      <DeploymentItem filename="d:\_WORK_\_Oktatas_\BME\FactoryDemo\packages\Moq.4.0.10827\lib\NET40\Moq.dll" />
      <DeploymentItem filename="d:\_WORK_\_Oktatas_\BME\FactoryDemo\packages\Unity.Interception.2.1.505.0\lib\NET35\Microsoft.Practices.Unity.Interception.dll" />
      <DeploymentItem filename="d:\_WORK_\_Oktatas_\BME\FactoryDemo\packages\Unity.Interception.2.1.505.0\lib\NET35\Microsoft.Practices.Unity.Interception.Configuration.dll" />
      <DeploymentItem filename="d:\_WORK_\_Oktatas_\BME\FactoryDemo\packages\Unity.2.1.505.0\lib\NET35\Microsoft.Practices.Unity.dll" />
    </Deployment>
    <Execution>
      <TestTypeSpecific />
      <AgentRule name="Execution Agents">
      </AgentRule>
    </Execution>
  </TestSettings>
  <Times creation="2012-04-17T16:26:51.3764586+02:00" queuing="2012-04-17T16:26:51.3834590+02:00" start="2012-04-17T16:26:51.3914595+02:00" finish="2012-04-17T16:26:52.1285016+02:00" />
  <ResultSummary outcome="Warning">
    <Counters total="3" executed="3" passed="3" error="0" failed="0" timeout="0" aborted="0" inconclusive="0" passedButRunAborted="0" notRunnable="0" notExecuted="0" disconnected="0" warning="0" completed="0" inProgress="0" pending="0" />
    <RunInfos>
      <RunInfo computerName="CSABEE-PC" outcome="Warning" timestamp="2012-04-17T16:26:51.3824590+02:00">
        <Text>Deployment is currently disabled. The deployment item 'unity.config' on test 'Test.Controllers.ControllerTest.EditTest' was not deployed.</Text>
      </RunInfo>
    </RunInfos>
  </ResultSummary>
  <TestDefinitions>
    <UnitTest name="EditTest" storage="d:\_work_\_oktatas_\bme\factorydemo\test\bin\debug\test.dll" id="01c5e9f3-963a-42f7-d8a5-1c91c5ef40f7">
      <DeploymentItems>
        <DeploymentItem filename="unity.config" />
      </DeploymentItems>
      <Execution id="1fff066d-1bfd-4b90-b2dc-8571a0250367" />
      <TestMethod codeBase="d:/_WORK_/_Oktatas_/BME/FactoryDemo/Test/bin/Debug/Test.DLL" adapterTypeName="Microsoft.VisualStudio.TestTools.TestTypes.Unit.UnitTestAdapter, Microsoft.VisualStudio.QualityTools.Tips.UnitTest.Adapter, Version=10.0.0.0, Culture=neutral, PublicKeyToken=b03f5f7f11d50a3a" className="Test.Controllers.ControllerTest, Test, Version=1.0.0.0, Culture=neutral, PublicKeyToken=null" name="EditTest" />
    </UnitTest>
    <UnitTest name="Edit_Failed_TooLongtName" storage="d:\_work_\_oktatas_\bme\factorydemo\test\bin\debug\test.dll" id="380198bc-6281-bcb1-48c2-48331accc818">
      <DeploymentItems>
        <DeploymentItem filename="unity.config" />
      </DeploymentItems>
      <Execution id="b5a80842-a5b2-4fe9-a132-c7b291f7f678" />
      <TestMethod codeBase="d:/_WORK_/_Oktatas_/BME/FactoryDemo/Test/bin/Debug/Test.DLL" adapterTypeName="Microsoft.VisualStudio.TestTools.TestTypes.Unit.UnitTestAdapter, Microsoft.VisualStudio.QualityTools.Tips.UnitTest.Adapter, Version=10.0.0.0, Culture=neutral, PublicKeyToken=b03f5f7f11d50a3a" className="Test.Controllers.ControllerTest, Test, Version=1.0.0.0, Culture=neutral, PublicKeyToken=null" name="Edit_Failed_TooLongtName" />
    </UnitTest>
    <UnitTest name="Edit_Failed_TooShortName" storage="d:\_work_\_oktatas_\bme\factorydemo\test\bin\debug\test.dll" id="7f059479-5e2a-0869-7194-c68544b67148">
      <DeploymentItems>
        <DeploymentItem filename="unity.config" />
      </DeploymentItems>
      <Execution id="ab08d988-484c-4a60-a5b7-f52e0bd4a550" />
      <TestMethod codeBase="d:/_WORK_/_Oktatas_/BME/FactoryDemo/Test/bin/Debug/Test.DLL" adapterTypeName="Microsoft.VisualStudio.TestTools.TestTypes.Unit.UnitTestAdapter, Microsoft.VisualStudio.QualityTools.Tips.UnitTest.Adapter, Version=10.0.0.0, Culture=neutral, PublicKeyToken=b03f5f7f11d50a3a" className="Test.Controllers.ControllerTest, Test, Version=1.0.0.0, Culture=neutral, PublicKeyToken=null" name="Edit_Failed_TooShortName" />
    </UnitTest>
  </TestDefinitions>
  <TestLists>
    <TestList name="Results Not in a List" id="8c84fa94-04c1-424b-9868-57a2d4851a1d" />
    <TestList name="All Loaded Results" id="19431567-8539-422a-85d7-44ee4e166bda" />
  </TestLists>
  <TestEntries>
    <TestEntry testId="01c5e9f3-963a-42f7-d8a5-1c91c5ef40f7" executionId="1fff066d-1bfd-4b90-b2dc-8571a0250367" testListId="8c84fa94-04c1-424b-9868-57a2d4851a1d" />
    <TestEntry testId="380198bc-6281-bcb1-48c2-48331accc818" executionId="b5a80842-a5b2-4fe9-a132-c7b291f7f678" testListId="8c84fa94-04c1-424b-9868-57a2d4851a1d" />
    <TestEntry testId="7f059479-5e2a-0869-7194-c68544b67148" executionId="ab08d988-484c-4a60-a5b7-f52e0bd4a550" testListId="8c84fa94-04c1-424b-9868-57a2d4851a1d" />
  </TestEntries>
  <Results>
    <UnitTestResult executionId="1fff066d-1bfd-4b90-b2dc-8571a0250367" testId="01c5e9f3-963a-42f7-d8a5-1c91c5ef40f7" testName="EditTest" computerName="CSABEE-PC" duration="00:00:00.4395656" startTime="2012-04-17T16:26:51.4014600+02:00" endTime="2012-04-17T16:26:52.0894994+02:00" testType="13cdc9d9-ddb5-4fa4-a97d-d965ccfc6d4b" outcome="Passed" testListId="8c84fa94-04c1-424b-9868-57a2d4851a1d" relativeResultsDirectory="1fff066d-1bfd-4b90-b2dc-8571a0250367">
    </UnitTestResult>
    <UnitTestResult executionId="b5a80842-a5b2-4fe9-a132-c7b291f7f678" testId="380198bc-6281-bcb1-48c2-48331accc818" testName="Edit_Failed_TooLongtName" computerName="CSABEE-PC" duration="00:00:00.0035775" startTime="2012-04-17T16:26:52.0924996+02:00" endTime="2012-04-17T16:26:52.1015001+02:00" testType="13cdc9d9-ddb5-4fa4-a97d-d965ccfc6d4b" outcome="Passed" testListId="8c84fa94-04c1-424b-9868-57a2d4851a1d" relativeResultsDirectory="b5a80842-a5b2-4fe9-a132-c7b291f7f678">
    </UnitTestResult>
    <UnitTestResult executionId="ab08d988-484c-4a60-a5b7-f52e0bd4a550" testId="7f059479-5e2a-0869-7194-c68544b67148" testName="Edit_Failed_TooShortName" computerName="CSABEE-PC" duration="00:00:00.0033978" startTime="2012-04-17T16:26:52.1055003+02:00" endTime="2012-04-17T16:26:52.1145008+02:00" testType="13cdc9d9-ddb5-4fa4-a97d-d965ccfc6d4b" outcome="Passed" testListId="8c84fa94-04c1-424b-9868-57a2d4851a1d" relativeResultsDirectory="ab08d988-484c-4a60-a5b7-f52e0bd4a550">
    </UnitTestResult>
  </Results>
</TestRun>